################################################################################
#                                                                              #
#      IAR Universal Linker V6.4.6.89                                          #
#                                                                              #
#           Link time     =  27/Sep/2022  17:27:24                             #
#           Target CPU    =  x51                                               #
#           List file     =  D:\CC2530_V3_pro\Debug\List\Main.map              #
#           Output file 1 =  D:\CC2530_V3_pro\Debug\Exe\Main.hex               #
#                            Format: intel-extended                            #
#           Output file 2 =  D:\CC2530_V3_pro\Debug\Exe\Main.d51               #
#                            Format: ubrof10                                   #
#                            UBROF version 10.0.6                              #
#                            Using library modules for C-SPY (-rt)             #
#           Command line  =  -f C:\Users\fight\AppData\Local\Temp\EWE2E.tmp    #
#                            (D:\CC2530_V3_pro\Debug\Obj\adc.r51               #
#                            D:\CC2530_V3_pro\Debug\Obj\hal_adc.r51            #
#                            D:\CC2530_V3_pro\Debug\Obj\hal_lcd_spi.r51        #
#                            D:\CC2530_V3_pro\Debug\Obj\hal_oled12864.r51      #
#                            D:\CC2530_V3_pro\Debug\Obj\hw_spi.r51             #
#                            D:\CC2530_V3_pro\Debug\Obj\key.r51                #
#                            D:\CC2530_V3_pro\Debug\Obj\led.r51                #
#                            D:\CC2530_V3_pro\Debug\Obj\main.r51               #
#                            D:\CC2530_V3_pro\Debug\Obj\oled.r51               #
#                            D:\CC2530_V3_pro\Debug\Obj\sw_spi.r51             #
#                            D:\CC2530_V3_pro\Debug\Obj\timer.r51              #
#                            D:\CC2530_V3_pro\Debug\Obj\uart.r51               #
#                            D:\CC2530_V3_pro\Debug\Obj\utils.r51 -o           #
#                            D:\CC2530_V3_pro\Debug\Exe\Main.d51 -l            #
#                            D:\CC2530_V3_pro\Debug\List\Main.map -xms         #
#                            -IF:\IAR\8051\LIB\ -f                             #
#                            "F:\IAR\8051\config\devices\Texas Instruments\lnk #
#                            51ew_CC2530F256_banked.xcl"                       #
#                            (-D_IDATA0_START=0x00 -D_IDATA0_END=0xFF          #
#                            -D_PDATA0_START=0x1E00 -D_PDATA0_END=0x1EFF       #
#                            -D_IXDATA0_START=0x0001 -D_IXDATA0_END=0x1EFF     #
#                            -D_XDATA0_START=_IXDATA0_START                    #
#                            -D_XDATA0_END=_IXDATA0_END                        #
#                            -D_NEAR_CODE_START=0x0000                         #
#                            -D_FIRST_BANK_ADDR=0x10000 -D?REGISTER_BANK=0x0   #
#                            -D_REGISTER_BANK_START=0x0 -D_BREG_START=0x00     #
#                            -D?VB=0x20 -Z(BIT)BREG=_BREG_START                #
#                            -Z(BIT)BIT_N=0-7F                                 #
#                            -Z(DATA)REGISTERS+8=_REGISTER_BANK_START          #
#                            -Z(DATA)BDATA_Z,BDATA_N,BDATA_I=20-2F             #
#                            -Z(DATA)VREG=08-7F -Z(DATA)PSP,XSP=08-7F          #
#                            -Z(DATA)DOVERLAY=08-7F                            #
#                            -Z(DATA)DATA_I,DATA_Z,DATA_N=08-7F                #
#                            -U(IDATA)0-7F=(DATA)0-7F                          #
#                            -Z(IDATA)IDATA_I,IDATA_Z,IDATA_N=08-_IDATA0_END   #
#                            -Z(IDATA)ISTACK+_IDATA_STACK_SIZE#08-_IDATA0_END  #
#                            -Z(IDATA)IOVERLAY=08-FF -Z(CODE)INTVEC=0          #
#                            -Z(CODE)CSTART=_NEAR_CODE_START-(_CODEBANK_START- #
#                            1)                                                #
#                            -Z(CODE)BIT_ID,BDATA_ID,DATA_ID,IDATA_ID,IXDATA_I #
#                            D,PDATA_ID,XDATA_ID=_NEAR_CODE_START-(_CODEBANK_S #
#                            TART-1)                                           #
#                            -Z(CODE)BANK_RELAYS,RCODE,DIFUNCT,CODE_C,CODE_N,N #
#                            EAR_CODE=_NEAR_CODE_START-(_CODEBANK_START-1)     #
#                            -P(CODE)BANKED_CODE=_NEAR_CODE_START-(_CODEBANK_S #
#                            TART-1),[(_CODEBANK_START+_FIRST_BANK_ADDR)-(_COD #
#                            EBANK_END+_FIRST_BANK_ADDR)]*_NR_OF_BANKS+10000   #
#                            -Z(CODE)CHECKSUM#(_CODEBANK_START-1)              #
#                            -Z(XDATA)PDATA_Z,PDATA_I=_PDATA0_START-_PDATA0_EN #
#                            D                                                 #
#                            -P(XDATA)PDATA_N=_PDATA0_START-_PDATA0_END        #
#                            -Z(XDATA)PSTACK+_PDATA_STACK_SIZE=_PDATA0_START-_ #
#                            PDATA0_END                                        #
#                            -Z(XDATA)EXT_STACK+_EXTENDED_STACK_SIZE=_EXTENDED #
#                            _STACK_START                                      #
#                            -Z(XDATA)XSTACK+_XDATA_STACK_SIZE=_XDATA0_START-_ #
#                            XDATA0_END                                        #
#                            -Z(XDATA)IXDATA_Z,IXDATA_I=_IXDATA0_START-_IXDATA #
#                            0_END                                             #
#                            -P(XDATA)IXDATA_N=_IXDATA0_START-_IXDATA0_END     #
#                            -Z(XDATA)XDATA_Z,XDATA_I=_XDATA0_START-_XDATA0_EN #
#                            D                                                 #
#                            -P(XDATA)XDATA_N=_XDATA0_START-_XDATA0_END        #
#                            -Z(XDATA)XDATA_HEAP+_XDATA_HEAP_SIZE=_XDATA0_STAR #
#                            T-_XDATA0_END                                     #
#                            -Z(CONST)XDATA_ROM_C=_XDATA0_START-_XDATA0_END    #
#                            -cx51                                             #
#                            -M(CODE)[(_CODEBANK_START+_FIRST_BANK_ADDR)-(_COD #
#                            EBANK_END+_FIRST_BANK_ADDR)]*_NR_OF_BANKS+0x10000 #
#                            =0x8000                                           #
#                            -ww69=i -D_BANK0_START=0x00000                    #
#                            -D_BANK0_END=0x07FFF -D_BANK1_START=0x18000       #
#                            -D_BANK1_END=0x1FFFF -D_BANK2_START=0x28000       #
#                            -D_BANK2_END=0x2FFFF -D_BANK3_START=0x38000       #
#                            -D_BANK3_END=0x3FFFF -D_BANK4_START=0x48000       #
#                            -D_BANK4_END=0x4FFFF -D_BANK5_START=0x58000       #
#                            -D_BANK5_END=0x5FFFF -D_BANK6_START=0x68000       #
#                            -D_BANK6_END=0x6FFFF -D_BANK7_START=0x78000       #
#                            -D_BANK7_END=0x7FFFF                              #
#                            -P(CODE)BANK0=_BANK0_START-_BANK0_END             #
#                            -P(CODE)BANK1=_BANK1_START-_BANK1_END             #
#                            -P(CODE)BANK2=_BANK2_START-_BANK2_END             #
#                            -P(CODE)BANK3=_BANK3_START-_BANK3_END             #
#                            -P(CODE)BANK4=_BANK4_START-_BANK4_END             #
#                            -P(CODE)BANK5=_BANK5_START-_BANK5_END             #
#                            -P(CODE)BANK6=_BANK6_START-_BANK6_END             #
#                            -P(CODE)BANK7=_BANK7_START-_BANK7_END             #
#                            -D_FLASH_LOCK_BITS_START=0x7FFF0                  #
#                            -D_FLASH_LOCK_BITS_END=0x7FFFF                    #
#                            -Z(CODE)FLASH_LOCK_BITS=_FLASH_LOCK_BITS_START-_F #
#                            LASH_LOCK_BITS_END                                #
#                            -U(CODE)0x0000=(CODE)_FLASH_LOCK_BITS_START-_FLAS #
#                            H_LOCK_BITS_END)                                  #
#                            -D_NR_OF_VIRTUAL_REGISTERS=8 -D?PBANK=0x93        #
#                            -D?CBANK=0x9F -D?CBANK_MASK=0xFF                  #
#                            -e?BCALL_FF=?BCALL -e?BRET_FF=?BRET               #
#                            -e?BDISPATCH_FF=?BDISPATCH                        #
#                            -D_CODEBANK_START=0x8000 -D_CODEBANK_END=0xFFFF   #
#                            -D_NR_OF_BANKS=0x07 -IF:\IAR\8051\CONFIG\ -rt     #
#                            -Ointel-extended=D:\CC2530_V3_pro\Debug\Exe\Main. #
#                            hex                                               #
#                            -s __program_start                                #
#                            F:\IAR\8051\LIB\DLIB\dl-pli-blxd-1e16x01n.r51     #
#                            -D_IDATA_STACK_SIZE=0x40 -D?ESP=0 -D?ESP_MASK=0   #
#                            -D_EXTENDED_STACK_START=0                         #
#                            -D_EXTENDED_STACK_SIZE=0                          #
#                            -D_PDATA_STACK_SIZE=0x80                          #
#                            -D_XDATA_STACK_SIZE=0x1FF                         #
#                            -D_XDATA_HEAP_SIZE=0xFF -D_FAR_HEAP_SIZE=0xFFF    #
#                            -D_HUGE_HEAP_SIZE=0xFFF                           #
#                            -D_FAR22_HEAP_SIZE=0xFFF)                         #
#                                                                              #
#                           Copyright (C) 1987-2016 IAR Systems AB.            #
################################################################################





                ****************************************
                *                                      *
                *           CROSS REFERENCE            *
                *                                      *
                ****************************************

       Program entry at : CODE      000000C5  Relocatable, from module : CSTARTUP




                ****************************************
                *                                      *
                *            RUNTIME MODEL             *
                *                                      *
                ****************************************

  __Heap_Handler             = Basic
  __SystemLibrary            = DLib
  __calling_convention       = xdata_reentrant
  __code_model               = banked
  __core                     = plain
  __data_model               = large
  __dlib_file_descriptor     = 0
  __dlib_full_locale_support = 0
  __dptr_size                = 16
  __extended_stack           = disabled
  __location_for_constants   = data
  __number_of_dptrs          = 1
  __register_banks           = *
  __rt_version               = 1

                ****************************************
                *                                      *
                *    AUTOMATIC SYMBOL REDIRECTIONS     *
                *                                      *
                ****************************************

       All references to: _Printf
         were redirected to: _PrintfTiny
       All references to: _Printf::?relay
         were redirected to: _PrintfTiny::?relay



                ****************************************
                *                                      *
                *              MODULE MAP              *
                *                                      *
                ****************************************


  DEFINED ABSOLUTE ENTRIES
    *************************************************************************

  DEFINED ABSOLUTE ENTRIES
  PROGRAM MODULE, NAME : ?ABS_ENTRY_MOD

Absolute parts
           ENTRY                   ADDRESS         REF BY
           =====                   =======         ======
           _FAR22_HEAP_SIZE        00000FFF 
           _HUGE_HEAP_SIZE         00000FFF 
           _FAR_HEAP_SIZE          00000FFF 
           _XDATA_HEAP_SIZE        000000FF 
           _XDATA_STACK_SIZE       000001FF 
           _PDATA_STACK_SIZE       00000080 
           _EXTENDED_STACK_SIZE    00000000 
           _EXTENDED_STACK_START   00000000 
           ?ESP_MASK               00000000 
           ?ESP                    00000000 
           _IDATA_STACK_SIZE       00000040 
           _NR_OF_BANKS            00000007 
           _CODEBANK_END           0000FFFF 
           _CODEBANK_START         00008000 
           ?CBANK_MASK             000000FF 
           ?CBANK                  0000009F        ?RESET_CODE_BANK (CSTARTUP)
                                                   Segment part 0 (?BANKED_CODE_SUPPORT)
           ?PBANK                  00000093 
           _NR_OF_VIRTUAL_REGISTERS
                                   00000008 
           _FLASH_LOCK_BITS_END    0003FFFF 
           _FLASH_LOCK_BITS_START
                                   0003FFF0 
           _BANK7_END              0003FFFF 
           _BANK7_START            00038000 
           _BANK6_END              00037FFF 
           _BANK6_START            00030000 
           _BANK5_END              0002FFFF 
           _BANK5_START            00028000 
           _BANK4_END              00027FFF 
           _BANK4_START            00020000 
           _BANK3_END              0001FFFF 
           _BANK3_START            00018000 
           _BANK2_END              00017FFF 
           _BANK2_START            00010000 
           _BANK1_END              0000FFFF 
           _BANK1_START            00008000 
           _BANK0_END              00007FFF 
           _BANK0_START            00000000 
           ?VB                     00000020        ?BANKED_ENTER_XDATA (?BANKED_ENTER_XDATA)
                                                   ?BANKED_LEAVE_XDATA (?BANKED_LEAVE_XDATA)
                                                   ?INTERRUPT_ENTER_XSP (?INTERRUPT_ENTER_XSP)
                                                   ?INTERRUPT_LEAVE_XSP (?INTERRUPT_LEAVE_XSP)
           _BREG_START             00000000 
           _REGISTER_BANK_START    00000000 
           ?REGISTER_BANK          00000000        Segment part 6 (CSTARTUP)
           _FIRST_BANK_ADDR        00010000 
           _NEAR_CODE_START        00000000 
           _XDATA0_END             00001EFF 
           _XDATA0_START           00000001 
           _IXDATA0_END            00001EFF 
           _IXDATA0_START          00000001 
           _PDATA0_END             00001EFF 
           _PDATA0_START           00001E00 
           _IDATA0_END             000000FF 
           _IDATA0_START           00000000 
    *************************************************************************

  FILE NAME : D:\CC2530_V3_pro\Debug\Obj\adc.r51
    *************************************************************************

  FILE NAME : D:\CC2530_V3_pro\Debug\Obj\hal_adc.r51
  PROGRAM MODULE, NAME : hal_adc

  SEGMENTS IN THE MODULE
  ======================
SFR_AN
  Relative segment, address: DATA 000000B4 - 000000B4 (0x1 bytes), align: 0
  Segment part 1. ROOT 
           ENTRY                   ADDRESS         REF BY
           =====                   =======         ======
           ADCCON1                 000000B4 
    -------------------------------------------------------------------------
SFR_AN
  Relative segment, address: DATA 000000B6 - 000000B6 (0x1 bytes), align: 0
  Segment part 2. ROOT 
           ENTRY                   ADDRESS         REF BY
           =====                   =======         ======
           ADCCON3                 000000B6 
    -------------------------------------------------------------------------
SFR_AN
  Relative segment, address: DATA 000000BA - 000000BA (0x1 bytes), align: 0
  Segment part 3. ROOT 
           ENTRY                   ADDRESS         REF BY
           =====                   =======         ======
           ADCL                    000000BA 
    -------------------------------------------------------------------------
SFR_AN
  Relative segment, address: DATA 000000BB - 000000BB (0x1 bytes), align: 0
  Segment part 4. ROOT 
           ENTRY                   ADDRESS         REF BY
           =====                   =======         ======
           ADCH                    000000BB 
    -------------------------------------------------------------------------
SFR_AN
  Relative segment, address: DATA 000000F2 - 000000F2 (0x1 bytes), align: 0
  Segment part 5. ROOT 
           ENTRY                   ADDRESS         REF BY
           =====                   =======         ======
           ADCCFG                  000000F2 

    *************************************************************************

  FILE NAME : D:\CC2530_V3_pro\Debug\Obj\hal_lcd_spi.r51
  PROGRAM MODULE, NAME : hal_lcd_spi

  SEGMENTS IN THE MODULE
  ======================
SFR_AN
  Relative segment, address: DATA 00000090 - 00000090 (0x1 bytes), align: 0
  Segment part 1. ROOT        Intra module refs:   halLcdSpiInit
                                                   halLcdSpiTxByte
                                                   halLcdSpiTxCmd
                                                   halLcdSpiTxData
                                                   halOLED12864Reset (hal_oled12864)
           ENTRY                   ADDRESS         REF BY
           =====                   =======         ======
           _A_P1                   00000090 
           LOCAL                   ADDRESS         
           =====                   =======         
           P1                      00000090 
    -------------------------------------------------------------------------
SFR_AN
  Relative segment, address: DATA 000000A0 - 000000A0 (0x1 bytes), align: 0
  Segment part 2. ROOT        Intra module refs:   halLcdSpiInit
                                                   halLcdSpiTxCmd
                                                   halLcdSpiTxData
           ENTRY                   ADDRESS         REF BY
           =====                   =======         ======
           _A_P2                   000000A0 
           LOCAL                   ADDRESS         
           =====                   =======         
           P2                      000000A0 
    -------------------------------------------------------------------------
SFR_AN
  Relative segment, address: DATA 000000F4 - 000000F4 (0x1 bytes), align: 0
  Segment part 3. ROOT        Intra module refs:   halLcdSpiInit
           ENTRY                   ADDRESS         REF BY
           =====                   =======         ======
           P1SEL                   000000F4 
    -------------------------------------------------------------------------
SFR_AN
  Relative segment, address: DATA 000000F5 - 000000F5 (0x1 bytes), align: 0
  Segment part 4. ROOT        Intra module refs:   halLcdSpiInit
           ENTRY                   ADDRESS         REF BY
           =====                   =======         ======
           P2SEL                   000000F5 
    -------------------------------------------------------------------------
SFR_AN
  Relative segment, address: DATA 000000F6 - 000000F6 (0x1 bytes), align: 0
  Segment part 5. ROOT        Intra module refs:   halLcdSpiInit
           ENTRY                   ADDRESS         REF BY
           =====                   =======         ======
           P1INP                   000000F6 
    -------------------------------------------------------------------------
SFR_AN
  Relative segment, address: DATA 000000F7 - 000000F7 (0x1 bytes), align: 0
  Segment part 6. ROOT        Intra module refs:   halLcdSpiInit
           ENTRY                   ADDRESS         REF BY
           =====                   =======         ======
           P2INP                   000000F7 
    -------------------------------------------------------------------------
SFR_AN
  Relative segment, address: DATA 000000FE - 000000FE (0x1 bytes), align: 0
  Segment part 7. ROOT        Intra module refs:   halLcdSpiInit
           ENTRY                   ADDRESS         REF BY
           =====                   =======         ======
           P1DIR                   000000FE 
    -------------------------------------------------------------------------
SFR_AN
  Relative segment, address: DATA 000000FF - 000000FF (0x1 bytes), align: 0
  Segment part 8. ROOT        Intra module refs:   halLcdSpiInit
           ENTRY                   ADDRESS         REF BY
           =====                   =======         ======
           P2DIR                   000000FF 
    -------------------------------------------------------------------------
<BANKED_CODE> 1 (was BANKED_CODE)
  Relative segment, address: CODE 00001B8A - 00001BAE (0x25 bytes), align: 0
  Segment part 14.            Intra module refs:   halLcdSpiInit::?relay
           ENTRY                   ADDRESS         REF BY
           =====                   =======         ======
           halLcdSpiInit           00001B8A 
    -------------------------------------------------------------------------
<BANKED_CODE> 1 (was BANKED_CODE)
  Relative segment, address: CODE 00001BAF - 00001BC5 (0x17 bytes), align: 0
  Segment part 16.            Intra module refs:   halLcdSpiTxCmd::?relay
           ENTRY                   ADDRESS         REF BY
           =====                   =======         ======
           halLcdSpiTxCmd          00001BAF 
               calls direct
               XSTACK = 00000000 ( 00000009 )
    -------------------------------------------------------------------------
<BANKED_CODE> 1 (was BANKED_CODE)
  Relative segment, address: CODE 00001BC6 - 00001BDC (0x17 bytes), align: 0
  Segment part 18.            Intra module refs:   halLcdSpiTxData::?relay
           ENTRY                   ADDRESS         REF BY
           =====                   =======         ======
           halLcdSpiTxData         00001BC6 
               calls direct
               XSTACK = 00000000 ( 00000009 )
    -------------------------------------------------------------------------
<BANKED_CODE> 1 (was BANKED_CODE)
  Relative segment, address: CODE 00001BDD - 00001BFD (0x21 bytes), align: 0
  Segment part 20.            Intra module refs:   halLcdSpiTxByte::?relay
           LOCAL                   ADDRESS         
           =====                   =======         
           halLcdSpiTxByte         00001BDD 
               XSTACK = 00000009 ( 00000000 )
    -------------------------------------------------------------------------
BANK_RELAYS
  Relative segment, address: CODE 00000CFE - 00000D03 (0x6 bytes), align: 0
  Segment part 15.
           ENTRY                   ADDRESS         REF BY
           =====                   =======         ======
           halLcdSpiInit::?relay   00000CFE        halOLED12864Init (hal_oled12864)
    -------------------------------------------------------------------------
BANK_RELAYS
  Relative segment, address: CODE 00000D04 - 00000D09 (0x6 bytes), align: 0
  Segment part 17.
           ENTRY                   ADDRESS         REF BY
           =====                   =======         ======
           halLcdSpiTxCmd::?relay
                                   00000D04        halOLED12864ChipInit (hal_oled12864)
                                                   halOLED12864ClearScreen (hal_oled12864)
                                                   halOLED12864SetPosition (hal_oled12864)
    -------------------------------------------------------------------------
BANK_RELAYS
  Relative segment, address: CODE 00000D0A - 00000D0F (0x6 bytes), align: 0
  Segment part 19.
           ENTRY                   ADDRESS         REF BY
           =====                   =======         ======
           halLcdSpiTxData::?relay
                                   00000D0A        halOLED12864ClearScreen (hal_oled12864)
                                                   halOLED12864ShowPicture (hal_oled12864)
                                                   halOLEDShowChar8x16 (hal_oled12864)
                                                   halOLEDShowChineseChar16x16 (hal_oled12864)
    -------------------------------------------------------------------------
BANK_RELAYS
  Relative segment, address: CODE 00000D10 - 00000D15 (0x6 bytes), align: 0
  Segment part 21.            Intra module refs:   halLcdSpiTxCmd
                                                   halLcdSpiTxData
           LOCAL                   ADDRESS         
           =====                   =======         
           halLcdSpiTxByte::?relay
                                   00000D10 

    *************************************************************************

  FILE NAME : D:\CC2530_V3_pro\Debug\Obj\hal_oled12864.r51
  PROGRAM MODULE, NAME : hal_oled12864

  SEGMENTS IN THE MODULE
  ======================
XDATA_I
  Relative segment, address: XDATA 00000202 - 00000311 (0x110 bytes), align: 0
  Segment part 7.             Intra module refs:   halOLEDShowChineseChar16x16
           LOCAL                   ADDRESS         
           =====                   =======         
           FontTable_Chinese_V_16X16
                                   00000202 
    -------------------------------------------------------------------------
XDATA_I
  Relative segment, address: XDATA 00000312 - 00000901 (0x5f0 bytes), align: 0
  Segment part 9.             Intra module refs:   halOLEDShowChar8x16
           LOCAL                   ADDRESS         
           =====                   =======         
           FontTable_V_8X16        00000312 
    -------------------------------------------------------------------------
<BANKED_CODE> 1 (was BANKED_CODE)
  Relative segment, address: CODE 00001211 - 0000122B (0x1b bytes), align: 0
  Segment part 11.            Intra module refs:   halOLED12864Init::?relay
           ENTRY                   ADDRESS         REF BY
           =====                   =======         ======
           halOLED12864Init        00001211 
               calls direct
               ISTACK = 00000000 ( 00000002 )
    -------------------------------------------------------------------------
<BANKED_CODE> 1 (was BANKED_CODE)
  Relative segment, address: CODE 0000122C - 00001261 (0x36 bytes), align: 0
  Segment part 13.            Intra module refs:   halOLED12864ClearScreen::?relay
           ENTRY                   ADDRESS         REF BY
           =====                   =======         ======
           halOLED12864ClearScreen
                                   0000122C 
               calls direct
               XSTACK = 00000000 ( 00000009 )
    -------------------------------------------------------------------------
<BANKED_CODE> 1 (was BANKED_CODE)
  Relative segment, address: CODE 00001262 - 00001328 (0xc7 bytes), align: 0
  Segment part 15.            Intra module refs:   halOLED12864ShowX16::?relay
           ENTRY                   ADDRESS         REF BY
           =====                   =======         ======
           halOLED12864ShowX16     00001262 
               calls direct
               XSTACK = 00000000 ( 0000000D )
    -------------------------------------------------------------------------
<BANKED_CODE> 1 (was BANKED_CODE)
  Relative segment, address: CODE 00001329 - 000013F7 (0xcf bytes), align: 0
  Segment part 17.            Intra module refs:   halOLED12864ShowPicture::?relay
           ENTRY                   ADDRESS         REF BY
           =====                   =======         ======
           halOLED12864ShowPicture
                                   00001329 
               calls direct
               XSTACK = 00000002 ( 00000011 )
    -------------------------------------------------------------------------
<BANKED_CODE> 1 (was BANKED_CODE)
  Relative segment, address: CODE 000013F8 - 0000140F (0x18 bytes), align: 0
  Segment part 19.            Intra module refs:   halOLED12864Reset::?relay
           LOCAL                   ADDRESS         
           =====                   =======         
           halOLED12864Reset       000013F8 
               calls direct
               ISTACK = 00000000 ( 00000002 )
    -------------------------------------------------------------------------
<BANKED_CODE> 1 (was BANKED_CODE)
  Relative segment, address: CODE 00001410 - 000014A9 (0x9a bytes), align: 0
  Segment part 21.            Intra module refs:   halOLED12864ChipInit::?relay
           LOCAL                   ADDRESS         
           =====                   =======         
           halOLED12864ChipInit    00001410 
               calls direct
               ISTACK = 00000000 ( 00000002 )
    -------------------------------------------------------------------------
<BANKED_CODE> 1 (was BANKED_CODE)
  Relative segment, address: CODE 000014AA - 000014D1 (0x28 bytes), align: 0
  Segment part 23.            Intra module refs:   halOLED12864SetPosition::?relay
           LOCAL                   ADDRESS         
           =====                   =======         
           halOLED12864SetPosition
                                   000014AA 
               calls direct
               XSTACK = 00000011 ( 00000009 )
    -------------------------------------------------------------------------
<BANKED_CODE> 1 (was BANKED_CODE)
  Relative segment, address: CODE 000014D2 - 0000157C (0xab bytes), align: 0
  Segment part 25.            Intra module refs:   halOLEDShowChar8x16::?relay
           LOCAL                   ADDRESS         
           =====                   =======         
           halOLEDShowChar8x16     000014D2 
               calls direct
               XSTACK = 0000000C ( 0000000E )
    -------------------------------------------------------------------------
<BANKED_CODE> 1 (was BANKED_CODE)
  Relative segment, address: CODE 0000157D - 00001693 (0x117 bytes), align: 0
  Segment part 27.            Intra module refs:   halOLEDShowChineseChar16x16::?relay
           LOCAL                   ADDRESS         
           =====                   =======         
           halOLEDShowChineseChar16x16
                                   0000157D 
               calls direct
               XSTACK = 0000000D ( 0000000E )
    -------------------------------------------------------------------------
XDATA_ID
  Relative segment, address: CODE 000000F5 - 00000204 (0x110 bytes), align: 0
  Segment part 8.             Intra module refs:   FontTable_Chinese_V_16X16
    -------------------------------------------------------------------------
XDATA_ID
  Relative segment, address: CODE 00000205 - 000007F4 (0x5f0 bytes), align: 0
  Segment part 10.            Intra module refs:   FontTable_V_8X16
    -------------------------------------------------------------------------
BANK_RELAYS
  Relative segment, address: CODE 00000D16 - 00000D1B (0x6 bytes), align: 0
  Segment part 12.
           ENTRY                   ADDRESS         REF BY
           =====                   =======         ======
           halOLED12864Init::?relay
                                   00000D16        main (main)
    -------------------------------------------------------------------------
BANK_RELAYS
  Relative segment, address: CODE 00000D1C - 00000D21 (0x6 bytes), align: 0
  Segment part 14.            Intra module refs:   halOLED12864Init
           ENTRY                   ADDRESS         REF BY
           =====                   =======         ======
           halOLED12864ClearScreen::?relay
                                   00000D1C        main (main)
    -------------------------------------------------------------------------
BANK_RELAYS
  Relative segment, address: CODE 00000D22 - 00000D27 (0x6 bytes), align: 0
  Segment part 16.
           ENTRY                   ADDRESS         REF BY
           =====                   =======         ======
           halOLED12864ShowX16::?relay
                                   00000D22        main (main)
    -------------------------------------------------------------------------
BANK_RELAYS
  Relative segment, address: CODE 00000D28 - 00000D2D (0x6 bytes), align: 0
  Segment part 18.
           ENTRY                   ADDRESS         REF BY
           =====                   =======         ======
           halOLED12864ShowPicture::?relay
                                   00000D28        main (main)
    -------------------------------------------------------------------------
BANK_RELAYS
  Relative segment, address: CODE 00000D2E - 00000D33 (0x6 bytes), align: 0
  Segment part 20.            Intra module refs:   halOLED12864ChipInit
           LOCAL                   ADDRESS         
           =====                   =======         
           halOLED12864Reset::?relay
                                   00000D2E 
    -------------------------------------------------------------------------
BANK_RELAYS
  Relative segment, address: CODE 00000D34 - 00000D39 (0x6 bytes), align: 0
  Segment part 22.            Intra module refs:   halOLED12864Init
           LOCAL                   ADDRESS         
           =====                   =======         
           halOLED12864ChipInit::?relay
                                   00000D34 
    -------------------------------------------------------------------------
BANK_RELAYS
  Relative segment, address: CODE 00000D3A - 00000D3F (0x6 bytes), align: 0
  Segment part 24.            Intra module refs:   halOLED12864Init
                                                   halOLED12864ShowPicture
                                                   halOLEDShowChar8x16
                                                   halOLEDShowChineseChar16x16
           LOCAL                   ADDRESS         
           =====                   =======         
           halOLED12864SetPosition::?relay
                                   00000D3A 
    -------------------------------------------------------------------------
BANK_RELAYS
  Relative segment, address: CODE 00000D40 - 00000D45 (0x6 bytes), align: 0
  Segment part 26.            Intra module refs:   halOLED12864ShowX16
           LOCAL                   ADDRESS         
           =====                   =======         
           halOLEDShowChar8x16::?relay
                                   00000D40 
    -------------------------------------------------------------------------
BANK_RELAYS
  Relative segment, address: CODE 00000D46 - 00000D4B (0x6 bytes), align: 0
  Segment part 28.            Intra module refs:   halOLED12864ShowX16
           LOCAL                   ADDRESS         
           =====                   =======         
           halOLEDShowChineseChar16x16::?relay
                                   00000D46 

    *************************************************************************

  FILE NAME : D:\CC2530_V3_pro\Debug\Obj\hw_spi.r51
  PROGRAM MODULE, NAME : hw_spi

  SEGMENTS IN THE MODULE
  ======================
SFR_AN
  Relative segment, address: DATA 000000F1 - 000000F1 (0x1 bytes), align: 0
  Segment part 1. ROOT 
           ENTRY                   ADDRESS         REF BY
           =====                   =======         ======
           PERCFG                  000000F1 
    -------------------------------------------------------------------------
SFR_AN
  Relative segment, address: DATA 000000F8 - 000000F8 (0x1 bytes), align: 0
  Segment part 4. ROOT 
           ENTRY                   ADDRESS         REF BY
           =====                   =======         ======
           _A_U1CSR                000000F8 
           LOCAL                   ADDRESS         
           =====                   =======         
           U1CSR                   000000F8 
    -------------------------------------------------------------------------
SFR_AN
  Relative segment, address: DATA 000000F9 - 000000F9 (0x1 bytes), align: 0
  Segment part 5. ROOT 
           ENTRY                   ADDRESS         REF BY
           =====                   =======         ======
           U1DBUF                  000000F9 
    -------------------------------------------------------------------------
SFR_AN
  Relative segment, address: DATA 000000FA - 000000FA (0x1 bytes), align: 0
  Segment part 6. ROOT 
           ENTRY                   ADDRESS         REF BY
           =====                   =======         ======
           U1BAUD                  000000FA 
    -------------------------------------------------------------------------
SFR_AN
  Relative segment, address: DATA 000000FC - 000000FC (0x1 bytes), align: 0
  Segment part 7. ROOT 
           ENTRY                   ADDRESS         REF BY
           =====                   =======         ======
           U1GCR                   000000FC 

    *************************************************************************

  FILE NAME : D:\CC2530_V3_pro\Debug\Obj\key.r51
  PROGRAM MODULE, NAME : key

  SEGMENTS IN THE MODULE
  ======================
SFR_AN
  Relative segment, address: DATA 00000080 - 00000080 (0x1 bytes), align: 0
  Segment part 1. ROOT        Intra module refs:   Timer3_ISR (timer)
                                                   buttonISR
           ENTRY                   ADDRESS         REF BY
           =====                   =======         ======
           _A_P0                   00000080 
           LOCAL                   ADDRESS         
           =====                   =======         
           P0                      00000080 
    -------------------------------------------------------------------------
SFR_AN
  Relative segment, address: DATA 00000089 - 00000089 (0x1 bytes), align: 0
  Segment part 2. ROOT        Intra module refs:   buttonISR
           ENTRY                   ADDRESS         REF BY
           =====                   =======         ======
           P0IFG                   00000089 
    -------------------------------------------------------------------------
SFR_AN
  Relative segment, address: DATA 0000008C - 0000008C (0x1 bytes), align: 0
  Segment part 3. ROOT 
           ENTRY                   ADDRESS         REF BY
           =====                   =======         ======
           PICTL                   0000008C 
    -------------------------------------------------------------------------
SFR_AN
  Relative segment, address: DATA 0000008F - 0000008F (0x1 bytes), align: 0
  Segment part 4. ROOT 
           ENTRY                   ADDRESS         REF BY
           =====                   =======         ======
           P0INP                   0000008F 
    -------------------------------------------------------------------------
SFR_AN
  Relative segment, address: DATA 000000A8 - 000000A8 (0x1 bytes), align: 0
  Segment part 5. ROOT 
           ENTRY                   ADDRESS         REF BY
           =====                   =======         ======
           _A_IEN0                 000000A8 
           LOCAL                   ADDRESS         
           =====                   =======         
           IEN0                    000000A8 
    -------------------------------------------------------------------------
SFR_AN
  Relative segment, address: DATA 000000AB - 000000AB (0x1 bytes), align: 0
  Segment part 6. ROOT 
           ENTRY                   ADDRESS         REF BY
           =====                   =======         ======
           P0IEN                   000000AB 
    -------------------------------------------------------------------------
SFR_AN
  Relative segment, address: DATA 000000B8 - 000000B8 (0x1 bytes), align: 0
  Segment part 7. ROOT 
           ENTRY                   ADDRESS         REF BY
           =====                   =======         ======
           _A_IEN1                 000000B8 
           LOCAL                   ADDRESS         
           =====                   =======         
           IEN1                    000000B8 
    -------------------------------------------------------------------------
SFR_AN
  Relative segment, address: DATA 000000C0 - 000000C0 (0x1 bytes), align: 0
  Segment part 8. ROOT        Intra module refs:   SleepTimer_ISR (timer)
                                                   buttonISR
           ENTRY                   ADDRESS         REF BY
           =====                   =======         ======
           _A_IRCON                000000C0 
           LOCAL                   ADDRESS         
           =====                   =======         
           IRCON                   000000C0 
    -------------------------------------------------------------------------
SFR_AN
  Relative segment, address: DATA 000000F3 - 000000F3 (0x1 bytes), align: 0
  Segment part 9. ROOT 
           ENTRY                   ADDRESS         REF BY
           =====                   =======         ======
           P0SEL                   000000F3 
    -------------------------------------------------------------------------
SFR_AN
  Relative segment, address: DATA 000000FD - 000000FD (0x1 bytes), align: 0
  Segment part 11. ROOT 
           ENTRY                   ADDRESS         REF BY
           =====                   =======         ======
           P0DIR                   000000FD 
    -------------------------------------------------------------------------
NEAR_CODE
  Relative segment, address: CODE 0000115C - 00001185 (0x2a bytes), align: 0
  Segment part 22.            Intra module refs:   buttonISR::??INTVEC 107
           ENTRY                   ADDRESS         REF BY
           =====                   =======         ======
           buttonISR               0000115C 
               interrupt function
               calls direct
               XSTACK = 00000000 ( 0000000E )
    -------------------------------------------------------------------------
INTVEC
  Common segment, address: CODE 00000000 - 0000006D (0x6e bytes), align: 0
  Segment part 12. ROOT 
           ENTRY                   ADDRESS         REF BY
           =====                   =======         ======
           buttonISR::??INTVEC 107
                                   0000006B 

    *************************************************************************

  FILE NAME : D:\CC2530_V3_pro\Debug\Obj\led.r51
    *************************************************************************

  FILE NAME : D:\CC2530_V3_pro\Debug\Obj\main.r51
  PROGRAM MODULE, NAME : main

  SEGMENTS IN THE MODULE
  ======================
SFR_AN
  Relative segment, address: DATA 0000009E - 0000009E (0x1 bytes), align: 0
  Segment part 1. ROOT        Intra module refs:   main
           ENTRY                   ADDRESS         REF BY
           =====                   =======         ======
           CLKCONSTA               0000009E 
    -------------------------------------------------------------------------
SFR_AN
  Relative segment, address: DATA 000000C6 - 000000C6 (0x1 bytes), align: 0
  Segment part 2. ROOT        Intra module refs:   main
           ENTRY                   ADDRESS         REF BY
           =====                   =======         ======
           CLKCONCMD               000000C6 
    -------------------------------------------------------------------------
XDATA_I
  Relative segment, address: XDATA 00000902 - 0000090C (0xb bytes), align: 0
  Segment part 8.             Intra module refs:   main
    -------------------------------------------------------------------------
XDATA_I
  Relative segment, address: XDATA 0000090D - 0000091B (0xf bytes), align: 0
  Segment part 10.            Intra module refs:   main
    -------------------------------------------------------------------------
XDATA_I
  Relative segment, address: XDATA 0000091C - 00000927 (0xc bytes), align: 0
  Segment part 12.            Intra module refs:   main
    -------------------------------------------------------------------------
XDATA_I
  Relative segment, address: XDATA 00000928 - 00000933 (0xc bytes), align: 0
  Segment part 14.            Intra module refs:   main
    -------------------------------------------------------------------------
XDATA_I
  Relative segment, address: XDATA 00000934 - 0000093E (0xb bytes), align: 0
  Segment part 16.            Intra module refs:   main
    -------------------------------------------------------------------------
XDATA_I
  Relative segment, address: XDATA 0000093F - 0000094A (0xc bytes), align: 0
  Segment part 18.            Intra module refs:   main
    -------------------------------------------------------------------------
XDATA_I
  Relative segment, address: XDATA 0000094B - 00000955 (0xb bytes), align: 0
  Segment part 20.            Intra module refs:   main
    -------------------------------------------------------------------------
XDATA_I
  Relative segment, address: XDATA 00000956 - 000009D5 (0x80 bytes), align: 0
  Segment part 22.            Intra module refs:   main
           LOCAL                   ADDRESS         
           =====                   =======         
           Picture_32x32_AppleIco
                                   00000956 
    -------------------------------------------------------------------------
XDATA_I
  Relative segment, address: XDATA 000009D6 - 00000DD5 (0x400 bytes), align: 0
  Segment part 24.            Intra module refs:   main
           LOCAL                   ADDRESS         
           =====                   =======         
           Picture_128x128_SuccessPic
                                   000009D6 
    -------------------------------------------------------------------------
<BANKED_CODE> 1 (was BANKED_CODE)
  Relative segment, address: CODE 00001AC5 - 00001B89 (0xc5 bytes), align: 0
  Segment part 26.
           ENTRY                   ADDRESS         REF BY
           =====                   =======         ======
           main                    00001AC5        ?call_main (?cmain)
               calls direct
               XSTACK = 00000000 ( 00000002 )
    -------------------------------------------------------------------------
XDATA_ID
  Relative segment, address: CODE 000007F5 - 000007FF (0xb bytes), align: 0
  Segment part 9.             Intra module refs:   Segment part 8
    -------------------------------------------------------------------------
XDATA_ID
  Relative segment, address: CODE 00000800 - 0000080E (0xf bytes), align: 0
  Segment part 11.            Intra module refs:   Segment part 10
    -------------------------------------------------------------------------
XDATA_ID
  Relative segment, address: CODE 0000080F - 0000081A (0xc bytes), align: 0
  Segment part 13.            Intra module refs:   Segment part 12
    -------------------------------------------------------------------------
XDATA_ID
  Relative segment, address: CODE 0000081B - 00000826 (0xc bytes), align: 0
  Segment part 15.            Intra module refs:   Segment part 14
    -------------------------------------------------------------------------
XDATA_ID
  Relative segment, address: CODE 00000827 - 00000831 (0xb bytes), align: 0
  Segment part 17.            Intra module refs:   Segment part 16
    -------------------------------------------------------------------------
XDATA_ID
  Relative segment, address: CODE 00000832 - 0000083D (0xc bytes), align: 0
  Segment part 19.            Intra module refs:   Segment part 18
    -------------------------------------------------------------------------
XDATA_ID
  Relative segment, address: CODE 0000083E - 00000848 (0xb bytes), align: 0
  Segment part 21.            Intra module refs:   Segment part 20
    -------------------------------------------------------------------------
XDATA_ID
  Relative segment, address: CODE 00000849 - 000008C8 (0x80 bytes), align: 0
  Segment part 23.            Intra module refs:   Picture_32x32_AppleIco
    -------------------------------------------------------------------------
XDATA_ID
  Relative segment, address: CODE 000008C9 - 00000CC8 (0x400 bytes), align: 0
  Segment part 25.            Intra module refs:   Picture_128x128_SuccessPic

    *************************************************************************

  FILE NAME : D:\CC2530_V3_pro\Debug\Obj\oled.r51
    *************************************************************************

  FILE NAME : D:\CC2530_V3_pro\Debug\Obj\sw_spi.r51
    *************************************************************************

  FILE NAME : D:\CC2530_V3_pro\Debug\Obj\timer.r51
  PROGRAM MODULE, NAME : timer

  SEGMENTS IN THE MODULE
  ======================
SFR_AN
  Relative segment, address: DATA 00000087 - 00000087 (0x1 bytes), align: 0
  Segment part 2. ROOT        Intra module refs:   setPowerMode
           ENTRY                   ADDRESS         REF BY
           =====                   =======         ======
           PCON                    00000087 
    -------------------------------------------------------------------------
SFR_AN
  Relative segment, address: DATA 00000095 - 00000095 (0x1 bytes), align: 0
  Segment part 3. ROOT 
           ENTRY                   ADDRESS         REF BY
           =====                   =======         ======
           ST0                     00000095 
    -------------------------------------------------------------------------
SFR_AN
  Relative segment, address: DATA 00000096 - 00000096 (0x1 bytes), align: 0
  Segment part 4. ROOT 
           ENTRY                   ADDRESS         REF BY
           =====                   =======         ======
           ST1                     00000096 
    -------------------------------------------------------------------------
SFR_AN
  Relative segment, address: DATA 00000097 - 00000097 (0x1 bytes), align: 0
  Segment part 5. ROOT 
           ENTRY                   ADDRESS         REF BY
           =====                   =======         ======
           ST2                     00000097 
    -------------------------------------------------------------------------
SFR_AN
  Relative segment, address: DATA 000000AF - 000000AF (0x1 bytes), align: 0
  Segment part 7. ROOT 
           ENTRY                   ADDRESS         REF BY
           =====                   =======         ======
           T1STAT                  000000AF 
    -------------------------------------------------------------------------
SFR_AN
  Relative segment, address: DATA 000000BE - 000000BE (0x1 bytes), align: 0
  Segment part 9. ROOT        Intra module refs:   setPowerMode
           ENTRY                   ADDRESS         REF BY
           =====                   =======         ======
           SLEEPCMD                000000BE 
    -------------------------------------------------------------------------
SFR_AN
  Relative segment, address: DATA 000000C9 - 000000C9 (0x1 bytes), align: 0
  Segment part 11. ROOT 
           ENTRY                   ADDRESS         REF BY
           =====                   =======         ======
           WDCTL                   000000C9 
    -------------------------------------------------------------------------
SFR_AN
  Relative segment, address: DATA 000000CB - 000000CB (0x1 bytes), align: 0
  Segment part 12. ROOT 
           ENTRY                   ADDRESS         REF BY
           =====                   =======         ======
           T3CTL                   000000CB 
    -------------------------------------------------------------------------
SFR_AN
  Relative segment, address: DATA 000000E4 - 000000E4 (0x1 bytes), align: 0
  Segment part 13. ROOT 
           ENTRY                   ADDRESS         REF BY
           =====                   =======         ======
           T1CTL                   000000E4 
    -------------------------------------------------------------------------
NEAR_CODE
  Relative segment, address: CODE 00001186 - 000011C8 (0x43 bytes), align: 0
  Segment part 42.            Intra module refs:   Timer3_ISR::??INTVEC 91
           ENTRY                   ADDRESS         REF BY
           =====                   =======         ======
           Timer3_ISR              00001186 
               interrupt function
               ISTACK = 00000000 ( 00000005 )
    -------------------------------------------------------------------------
XDATA_Z
  Relative segment, address: XDATA 00000200 - 00000201 (0x2 bytes), align: 0
  Segment part 25.            Intra module refs:   Timer3_ISR
           LOCAL                   ADDRESS         
           =====                   =======         
           Timer3_ISR::counter_g   00000200 
    -------------------------------------------------------------------------
<BANKED_CODE> 1 (was BANKED_CODE)
  Relative segment, address: CODE 00001D5C - 00001D96 (0x3b bytes), align: 0
  Segment part 40.            Intra module refs:   setPowerMode::?relay
           ENTRY                   ADDRESS         REF BY
           =====                   =======         ======
           setPowerMode            00001D5C 
               calls direct
               XSTACK = 0000000E ( 0000000C )
    -------------------------------------------------------------------------
NEAR_CODE
  Relative segment, address: CODE 000011C9 - 000011E2 (0x1a bytes), align: 0
  Segment part 43.            Intra module refs:   SleepTimer_ISR::??INTVEC 43
           ENTRY                   ADDRESS         REF BY
           =====                   =======         ======
           SleepTimer_ISR          000011C9 
               interrupt function
               calls direct
               XSTACK = 00000000 ( 0000000E )
    -------------------------------------------------------------------------
INTVEC
  Common segment, address: CODE 00000000 - 0000002D (0x2e bytes), align: 0
  Segment part 14. ROOT 
           ENTRY                   ADDRESS         REF BY
           =====                   =======         ======
           SleepTimer_ISR::??INTVEC 43
                                   0000002B 
    -------------------------------------------------------------------------
INTVEC
  Common segment, address: CODE 00000000 - 0000005D (0x5e bytes), align: 0
  Segment part 15. ROOT 
           ENTRY                   ADDRESS         REF BY
           =====                   =======         ======
           Timer3_ISR::??INTVEC 91
                                   0000005B 
    -------------------------------------------------------------------------
XDATA_ID
  Relative segment, address: CODE 00000CC9 - 00000CE3 (0x1b bytes), align: 0
  Segment part 22.            Intra module refs:   Segment part 21
    -------------------------------------------------------------------------
XDATA_ID
  Relative segment, address: CODE 00000CE4 - 00000CF1 (0xe bytes), align: 0
  Segment part 24.            Intra module refs:   Segment part 23
    -------------------------------------------------------------------------
BANK_RELAYS
  Relative segment, address: CODE 00000D4C - 00000D51 (0x6 bytes), align: 0
  Segment part 41.            Intra module refs:   SleepTimer_ISR
           ENTRY                   ADDRESS         REF BY
           =====                   =======         ======
           setPowerMode::?relay    00000D4C 
    -------------------------------------------------------------------------
XDATA_I
  Relative segment, address: XDATA 00000DD6 - 00000DF0 (0x1b bytes), align: 0
  Segment part 21.            Intra module refs:   setPowerMode
    -------------------------------------------------------------------------
XDATA_I
  Relative segment, address: XDATA 00000DF1 - 00000DFE (0xe bytes), align: 0
  Segment part 23.            Intra module refs:   SleepTimer_ISR

    *************************************************************************

  FILE NAME : D:\CC2530_V3_pro\Debug\Obj\uart.r51
  PROGRAM MODULE, NAME : uart

  SEGMENTS IN THE MODULE
  ======================
SFR_AN
  Relative segment, address: DATA 00000086 - 00000086 (0x1 bytes), align: 0
  Segment part 1. ROOT 
           ENTRY                   ADDRESS         REF BY
           =====                   =======         ======
           U0CSR                   00000086 
    -------------------------------------------------------------------------
SFR_AN
  Relative segment, address: DATA 00000088 - 00000088 (0x1 bytes), align: 0
  Segment part 2. ROOT        Intra module refs:   URX0_ISR
           ENTRY                   ADDRESS         REF BY
           =====                   =======         ======
           _A_TCON                 00000088 
           LOCAL                   ADDRESS         
           =====                   =======         
           TCON                    00000088 
    -------------------------------------------------------------------------
SFR_AN
  Relative segment, address: DATA 000000C1 - 000000C1 (0x1 bytes), align: 0
  Segment part 4. ROOT        Intra module refs:   URX0_ISR
                                                   uart0Send
           ENTRY                   ADDRESS         REF BY
           =====                   =======         ======
           U0DBUF                  000000C1 
    -------------------------------------------------------------------------
SFR_AN
  Relative segment, address: DATA 000000C2 - 000000C2 (0x1 bytes), align: 0
  Segment part 5. ROOT 
           ENTRY                   ADDRESS         REF BY
           =====                   =======         ======
           U0BAUD                  000000C2 
    -------------------------------------------------------------------------
SFR_AN
  Relative segment, address: DATA 000000C5 - 000000C5 (0x1 bytes), align: 0
  Segment part 6. ROOT 
           ENTRY                   ADDRESS         REF BY
           =====                   =======         ======
           U0GCR                   000000C5 
    -------------------------------------------------------------------------
SFR_AN
  Relative segment, address: DATA 000000E8 - 000000E8 (0x1 bytes), align: 0
  Segment part 7. ROOT        Intra module refs:   uart0Send
           ENTRY                   ADDRESS         REF BY
           =====                   =======         ======
           _A_IRCON2               000000E8 
           LOCAL                   ADDRESS         
           =====                   =======         
           IRCON2                  000000E8 
    -------------------------------------------------------------------------
NEAR_CODE
  Relative segment, address: CODE 000011E3 - 00001210 (0x2e bytes), align: 0
  Segment part 25.            Intra module refs:   URX0_ISR::??INTVEC 19
           ENTRY                   ADDRESS         REF BY
           =====                   =======         ======
           URX0_ISR                000011E3 
               interrupt function
               calls direct
               XSTACK = 00000000 ( 0000000F )
               ISTACK = 00000000 ( 00000001 )
    -------------------------------------------------------------------------
<BANKED_CODE> 1 (was BANKED_CODE)
  Relative segment, address: CODE 00001DC2 - 00001DEB (0x2a bytes), align: 0
  Segment part 21.            Intra module refs:   uart0Send::?relay
           ENTRY                   ADDRESS         REF BY
           =====                   =======         ======
           uart0Send               00001DC2 
               XSTACK = 0000000F ( 00000000 )
               ISTACK = 00000000 ( 00000002 )
    -------------------------------------------------------------------------
INTVEC
  Common segment, address: CODE 00000000 - 00000015 (0x16 bytes), align: 0
  Segment part 11. ROOT 
           ENTRY                   ADDRESS         REF BY
           =====                   =======         ======
           URX0_ISR::??INTVEC 19   00000013 
    -------------------------------------------------------------------------
BANK_RELAYS
  Relative segment, address: CODE 00000D52 - 00000D57 (0x6 bytes), align: 0
  Segment part 22.            Intra module refs:   URX0_ISR
           ENTRY                   ADDRESS         REF BY
           =====                   =======         ======
           uart0Send::?relay       00000D52 

    *************************************************************************

  FILE NAME : D:\CC2530_V3_pro\Debug\Obj\utils.r51
  PROGRAM MODULE, NAME : utils

  SEGMENTS IN THE MODULE
  ======================
<BANKED_CODE> 1 (was BANKED_CODE)
  Relative segment, address: CODE 00001BFE - 00001C26 (0x29 bytes), align: 0
  Segment part 6.             Intra module refs:   delayMs_circle::?relay
           ENTRY                   ADDRESS         REF BY
           =====                   =======         ======
           delayMs_circle          00001BFE 
    -------------------------------------------------------------------------
<BANKED_CODE> 1 (was BANKED_CODE)
  Relative segment, address: CODE 00001C27 - 00001C67 (0x41 bytes), align: 0
  Segment part 10.            Intra module refs:   delayMs::?relay
           ENTRY                   ADDRESS         REF BY
           =====                   =======         ======
           delayMs                 00001C27 
               XSTACK = 00000000 ( 0000000A )
    -------------------------------------------------------------------------
BANK_RELAYS
  Relative segment, address: CODE 00000D58 - 00000D5D (0x6 bytes), align: 0
  Segment part 7.
           ENTRY                   ADDRESS         REF BY
           =====                   =======         ======
           delayMs_circle::?relay
                                   00000D58        buttonISR (key)
    -------------------------------------------------------------------------
BANK_RELAYS
  Relative segment, address: CODE 00000D5E - 00000D63 (0x6 bytes), align: 0
  Segment part 11.
           ENTRY                   ADDRESS         REF BY
           =====                   =======         ======
           delayMs::?relay         00000D5E        halOLED12864Reset (hal_oled12864)
                                                   main (main)

    *************************************************************************

  FILE NAME : F:\IAR\8051\LIB\DLIB\dl-pli-blxd-1e16x01n.r51
  LIBRARY MODULE, NAME : ?__dbg_break

  SEGMENTS IN THE MODULE
  ======================
<BANKED_CODE> 1 (was BANKED_CODE)
  Relative segment, address: CODE 00001E62 - 00001E64 (0x3 bytes), align: 0
  Segment part 6.             Intra module refs:   __DebugBreak::?relay
           ENTRY                   ADDRESS         REF BY
           =====                   =======         ======
           __DebugBreak            00001E62 
    -------------------------------------------------------------------------
BANK_RELAYS
  Relative segment, address: CODE 00000D64 - 00000D69 (0x6 bytes), align: 0
  Segment part 7.
           ENTRY                   ADDRESS         REF BY
           =====                   =======         ======
           __DebugBreak::?relay    00000D64        __dwrite (?__dwrite)
                                                   __exit (?__exit)

    -------------------------------------------------------------------------
  LIBRARY MODULE, NAME : ?__dwrite

  SEGMENTS IN THE MODULE
  ======================
<BANKED_CODE> 1 (was BANKED_CODE)
  Relative segment, address: CODE 00001CC1 - 00001D11 (0x51 bytes), align: 0
  Segment part 6.             Intra module refs:   __dwrite::?relay
           ENTRY                   ADDRESS         REF BY
           =====                   =======         ======
           __dwrite                00001CC1 
               calls direct
               XSTACK = 00000002 ( 00000008 )
               ISTACK = 00000000 ( 00000002 )
    -------------------------------------------------------------------------
BANK_RELAYS
  Relative segment, address: CODE 00000D6A - 00000D6F (0x6 bytes), align: 0
  Segment part 7.
           ENTRY                   ADDRESS         REF BY
           =====                   =======         ======
           __dwrite::?relay        00000D6A        __write (?__write)

    -------------------------------------------------------------------------
  LIBRARY MODULE, NAME : ?__exit

  SEGMENTS IN THE MODULE
  ======================
<BANKED_CODE> 1 (was BANKED_CODE)
  Relative segment, address: CODE 00001E12 - 00001E35 (0x24 bytes), align: 0
  Segment part 6.
           ENTRY                   ADDRESS         REF BY
           =====                   =======         ======
           __exit                  00001E12        Segment part 10 (?cexit)
               calls direct
               XSTACK = 00000000 ( 0000000B )

    -------------------------------------------------------------------------
  LIBRARY MODULE, NAME : ?__write

  SEGMENTS IN THE MODULE
  ======================
<BANKED_CODE> 1 (was BANKED_CODE)
  Relative segment, address: CODE 00001DEC - 00001E11 (0x26 bytes), align: 0
  Segment part 6.             Intra module refs:   __write::?relay
           ENTRY                   ADDRESS         REF BY
           =====                   =======         ======
           __write                 00001DEC 
               calls direct
               XSTACK = 00000002 ( 00000002 )
               ISTACK = 00000000 ( 00000002 )
    -------------------------------------------------------------------------
BANK_RELAYS
  Relative segment, address: CODE 00000D70 - 00000D75 (0x6 bytes), align: 0
  Segment part 7.
           ENTRY                   ADDRESS         REF BY
           =====                   =======         ======
           __write::?relay         00000D70        putchar (?putchar)

    -------------------------------------------------------------------------
  LIBRARY MODULE, NAME : ?cexit

  SEGMENTS IN THE MODULE
  ======================
CSTART
  Relative segment, address: CODE 0000006E, align: 0
  Segment part 5.             Intra module refs:   _exit::?relay
           ENTRY                   ADDRESS         REF BY
           =====                   =======         ======
           _exit                   0000006E 
               calls direct
    -------------------------------------------------------------------------
CSTART
  Relative segment, address: CODE 0000006E - 00000078 (0xb bytes), align: 0
  Segment part 10.            Intra module refs:   _exit
    -------------------------------------------------------------------------
BANK_RELAYS
  Relative segment, address: CODE 00000D76 - 00000D7B (0x6 bytes), align: 0
  Segment part 11.
           ENTRY                   ADDRESS         REF BY
           =====                   =======         ======
           _exit::?relay           00000D76        exit (?exit)

    -------------------------------------------------------------------------
  LIBRARY MODULE, NAME : ?cmain

  SEGMENTS IN THE MODULE
  ======================
CSTART
  Relative segment, address: CODE 00000079, align: 0
  Segment part 5.
           ENTRY                   ADDRESS         REF BY
           =====                   =======         ======
           ?cmain                  00000079        Segment part 13 (CSTARTUP)
               calls direct
    -------------------------------------------------------------------------
CSTART
  Relative segment, address: CODE 00000079 - 00000088 (0x10 bytes), align: 0
  Segment part 16.
           ENTRY                   ADDRESS         REF BY
           =====                   =======         ======
           __INIT_XDATA_Z          00000079        Timer3_ISR::counter_g (timer)
    -------------------------------------------------------------------------
CSTART
  Relative segment, address: CODE 00000089 - 000000AE (0x26 bytes), align: 0
  Segment part 33.
           ENTRY                   ADDRESS         REF BY
           =====                   =======         ======
           __INIT_XDATA_I          00000089        FontTable_Chinese_V_16X16 (hal_oled12864)
                                                   FontTable_V_8X16 (hal_oled12864)
                                                   Picture_128x128_SuccessPic (main)
                                                   Picture_32x32_AppleIco (main)
                                                   Segment part 10 (main)
                                                   Segment part 12 (main)
                                                   Segment part 14 (main)
                                                   Segment part 16 (main)
                                                   Segment part 18 (main)
                                                   Segment part 20 (main)
                                                   Segment part 21 (timer)
                                                   Segment part 23 (timer)
                                                   Segment part 6 (?xprintftiny)
                                                   Segment part 8 (?xprintftiny)
                                                   Segment part 8 (main)
                                                   __Constant_0 (?xprintftiny)
                                                   __Constant_ffff (?xprintftiny)
    -------------------------------------------------------------------------
DIFUNCT
  Relative segment, address: CODE 0000115C, align: 0
  Segment part 38. ROOT 
    -------------------------------------------------------------------------
CSTART
  Relative segment, address: CODE 000000AF - 000000C4 (0x16 bytes), align: 0
  Segment part 40.            Intra module refs:   ?cmain
           ENTRY                   ADDRESS         REF BY
           =====                   =======         ======
           ?call_main              000000AF 

    -------------------------------------------------------------------------
  LIBRARY MODULE, NAME : CSTARTUP

  SEGMENTS IN THE MODULE
  ======================
REGISTERS
  Relative segment, address: DATA 00000000, align: 0
  Segment part 0.             Intra module refs:   Segment part 6
           ENTRY                   ADDRESS         REF BY
           =====                   =======         ======
           ?REGISTERS              00000000 
    -------------------------------------------------------------------------
ISTACK
  Relative segment, address: IDATA 000000C0, align: 0
  Segment part 1.             Intra module refs:   Segment part 6
           ENTRY                   ADDRESS         REF BY
           =====                   =======         ======
           ?ISTACK_START           000000C0 
    -------------------------------------------------------------------------
XSTACK
  Relative segment, address: XDATA 00000001, align: 0
  Segment part 3.             Intra module refs:   ?RESET_XSP
           ENTRY                   ADDRESS         REF BY
           =====                   =======         ======
           ?XSTACK_START           00000001 
    -------------------------------------------------------------------------
INTVEC
  Common segment, address: CODE 00000000 - 00000002 (0x3 bytes), align: 0
  Segment part 5. ROOT        Intra module refs:   Segment part 6
    -------------------------------------------------------------------------
CSTART
  Relative segment, address: CODE 000000C5 - 000000CA (0x6 bytes), align: 0
  Segment part 6. ROOT        Intra module refs:   Segment part 5
           ENTRY                   ADDRESS         REF BY
           =====                   =======         ======
           __program_start         000000C5        Absolute parts (?ABS_ENTRY_MOD)
           ?RESET_SP               000000C8 
    -------------------------------------------------------------------------
CSTART
  Relative segment, address: CODE 000000CB - 000000D0 (0x6 bytes), align: 0
  Segment part 8.
           ENTRY                   ADDRESS         REF BY
           =====                   =======         ======
           ?RESET_XSP              000000CB        ?XSP (VIRTUAL_REGISTERS)
    -------------------------------------------------------------------------
CSTART
  Relative segment, address: CODE 000000D1 - 000000D3 (0x3 bytes), align: 0
  Segment part 9.
           ENTRY                   ADDRESS         REF BY
           =====                   =======         ======
           ?RESET_CODE_BANK        000000D1        Absolute parts (?BANKED_CODE_SUPPORT)
    -------------------------------------------------------------------------
CSTART
  Relative segment, address: CODE 000000D4 - 000000D6 (0x3 bytes), align: 0
  Segment part 13.            Intra module refs:   Absolute parts

    -------------------------------------------------------------------------
  LIBRARY MODULE, NAME : VIRTUAL_REGISTERS

  SEGMENTS IN THE MODULE
  ======================
BREG
  Relative segment, address: BIT 00000020.0 - 00000020.7 (0x8 bits), align: 0
  Segment part 0.
           ENTRY                   ADDRESS         REF BY
           =====                   =======         ======
           ?B0                     00000020.0      Absolute parts (CSTARTUP)
    -------------------------------------------------------------------------
VREG
  Relative segment, address: DATA 00000008 - 00000008 (0x1 bytes), align: 0
  Segment part 1.             Intra module refs:   ?V1
           ENTRY                   ADDRESS         REF BY
           =====                   =======         ======
           ?V0                     00000008        ?BANKED_ENTER_XDATA (?BANKED_ENTER_XDATA)
                                                   ?BANKED_LEAVE_XDATA (?BANKED_LEAVE_XDATA)
                                                   ?INTERRUPT_ENTER_XSP (?INTERRUPT_ENTER_XSP)
                                                   ?INTERRUPT_LEAVE_XSP (?INTERRUPT_LEAVE_XSP)
                                                   ?SL_GE_X (?SL_GE_X)
                                                   Segment part 24 (?xprintftiny)
                                                   _PrintfTiny (?xprintftiny)
                                                   _Prout (?xprout)
                                                   delayMs (utils)
                                                   halOLED12864ShowPicture (hal_oled12864)
                                                   halOLED12864ShowX16 (hal_oled12864)
                                                   halOLEDShowChar8x16 (hal_oled12864)
                                                   halOLEDShowChineseChar16x16 (hal_oled12864)
                                                   main (main)
                                                   out (?xprintftiny)
                                                   printf (?printf)
                                                   putchar (?putchar)
                                                   setPowerMode (timer)
    -------------------------------------------------------------------------
VREG
  Relative segment, address: DATA 00000009 - 00000009 (0x1 bytes), align: 0
  Segment part 2.             Intra module refs:   ?V2
           ENTRY                   ADDRESS         REF BY
           =====                   =======         ======
           ?V1                     00000009        Segment part 24 (?xprintftiny)
                                                   _PrintfTiny (?xprintftiny)
                                                   _Prout (?xprout)
                                                   delayMs (utils)
                                                   halOLED12864ShowPicture (hal_oled12864)
                                                   halOLED12864ShowX16 (hal_oled12864)
                                                   halOLEDShowChar8x16 (hal_oled12864)
                                                   halOLEDShowChineseChar16x16 (hal_oled12864)
                                                   main (main)
                                                   out (?xprintftiny)
                                                   printf (?printf)
                                                   putchar (?putchar)
                                                   setPowerMode (timer)
    -------------------------------------------------------------------------
VREG
  Relative segment, address: DATA 0000000A - 0000000A (0x1 bytes), align: 0
  Segment part 3.             Intra module refs:   ?V3
           ENTRY                   ADDRESS         REF BY
           =====                   =======         ======
           ?V2                     0000000A        Segment part 24 (?xprintftiny)
                                                   _PrintfTiny (?xprintftiny)
                                                   _Prout (?xprout)
                                                   halOLED12864ShowPicture (hal_oled12864)
                                                   halOLED12864ShowX16 (hal_oled12864)
                                                   halOLEDShowChar8x16 (hal_oled12864)
                                                   halOLEDShowChineseChar16x16 (hal_oled12864)
                                                   out (?xprintftiny)
    -------------------------------------------------------------------------
VREG
  Relative segment, address: DATA 0000000B - 0000000B (0x1 bytes), align: 0
  Segment part 4.             Intra module refs:   ?V4
           ENTRY                   ADDRESS         REF BY
           =====                   =======         ======
           ?V3                     0000000B        Segment part 24 (?xprintftiny)
                                                   _PrintfTiny (?xprintftiny)
                                                   halOLED12864ShowPicture (hal_oled12864)
                                                   halOLED12864ShowX16 (hal_oled12864)
                                                   halOLEDShowChar8x16 (hal_oled12864)
[...]
                                                   halOLEDShowChineseChar16x16 (hal_oled12864)
                                                   out (?xprintftiny)
                                                   printf (?printf)
                                                   putchar (?putchar)
                                                   setPowerMode (timer)

    -------------------------------------------------------------------------
  LIBRARY MODULE, NAME : ?INTERRUPT_ENTER_XSP

  SEGMENTS IN THE MODULE
  ======================
RCODE
  Relative segment, address: CODE 00001065 - 000010C3 (0x5f bytes), align: 0
  Segment part 1.
           ENTRY                   ADDRESS         REF BY
           =====                   =======         ======
           ?INTERRUPT_ENTER_XSP    00001065        SleepTimer_ISR (timer)
                                                   URX0_ISR (uart)
                                                   buttonISR (key)

    -------------------------------------------------------------------------
  LIBRARY MODULE, NAME : ?INTERRUPT_LEAVE_XSP

  SEGMENTS IN THE MODULE
  ======================
RCODE
  Relative segment, address: CODE 000010C4 - 0000111B (0x58 bytes), align: 0
  Segment part 1.
           ENTRY                   ADDRESS         REF BY
           =====                   =======         ======
           ?INTERRUPT_LEAVE_XSP    000010C4        SleepTimer_ISR (timer)
                                                   URX0_ISR (uart)
                                                   buttonISR (key)

    -------------------------------------------------------------------------
  LIBRARY MODULE, NAME : ?PUSH_XSTACK_I

  SEGMENTS IN THE MODULE
  ======================
RCODE
  Relative segment, address: CODE 0000111C - 0000111F (0x4 bytes), align: 0
  Segment part 2.
           ENTRY                   ADDRESS         REF BY
           =====                   =======         ======
           ?PUSH_XSTACK_I_TWO      0000111C        _PrintfTiny (?xprintftiny)
                                                   main (main)
                                                   printf (?printf)
                                                   putchar (?putchar)
                                                   setPowerMode (timer)
    -------------------------------------------------------------------------
RCODE
  Relative segment, address: CODE 00001120 - 00001121 (0x2 bytes), align: 0
  Segment part 3.
           ENTRY                   ADDRESS         REF BY
           =====                   =======         ======
           ?PUSH_XSTACK_I_ONE      00001120        halOLED12864ShowX16 (hal_oled12864)
    -------------------------------------------------------------------------
RCODE
  Relative segment, address: CODE 00001122 - 0000112E (0xd bytes), align: 0
  Segment part 4.             Intra module refs:   ?PUSH_XSTACK_I_ONE
                                                   ?PUSH_XSTACK_I_TWO
           ENTRY                   ADDRESS         REF BY
           =====                   =======         ======
           ?PUSH_XSTACK_I          00001122 

    -------------------------------------------------------------------------
  LIBRARY MODULE, NAME : ?PUSH_XSTACK8_X

  SEGMENTS IN THE MODULE
  ======================
RCODE
  Relative segment, address: CODE 0000112F - 00001132 (0x4 bytes), align: 0
  Segment part 3.
           ENTRY                   ADDRESS         REF BY
           =====                   =======         ======
           ?PUSH_XSTACK8_X_TWO     0000112F        _PrintfTiny (?xprintftiny)
                                                   __write (?__write)
    -------------------------------------------------------------------------
RCODE
  Relative segment, address: CODE 00001133 - 0000115B (0x29 bytes), align: 0
  Segment part 5.             Intra module refs:   ?PUSH_XSTACK8_X_TWO
           ENTRY                   ADDRESS         REF BY
           =====                   =======         ======
           ?PUSH_XSTACK8_X         00001133 

    -------------------------------------------------------------------------
  LIBRARY MODULE, NAME : ?printf

  SEGMENTS IN THE MODULE
  ======================
<BANKED_CODE> 1 (was BANKED_CODE)
  Relative segment, address: CODE 00001D12 - 00001D5B (0x4a bytes), align: 0
  Segment part 6.             Intra module refs:   printf::?relay
           ENTRY                   ADDRESS         REF BY
           =====                   =======         ======
           printf                  00001D12 
               calls direct
               XSTACK = 00000000 ( 00000010 )
    -------------------------------------------------------------------------
BANK_RELAYS
  Relative segment, address: CODE 00000D7C - 00000D81 (0x6 bytes), align: 0
  Segment part 7.
           ENTRY                   ADDRESS         REF BY
           =====                   =======         ======
           printf::?relay          00000D7C        SleepTimer_ISR (timer)
                                                   setPowerMode (timer)

    -------------------------------------------------------------------------
  LIBRARY MODULE, NAME : ?putchar

  SEGMENTS IN THE MODULE
  ======================
<BANKED_CODE> 1 (was BANKED_CODE)
  Relative segment, address: CODE 00001C68 - 00001CC0 (0x59 bytes), align: 0
  Segment part 6.             Intra module refs:   putchar::?relay
           ENTRY                   ADDRESS         REF BY
           =====                   =======         ======
           putchar                 00001C68 
               calls direct
               XSTACK = 00000000 ( 0000000D )
               ISTACK = 00000000 ( 00000001 )
    -------------------------------------------------------------------------
BANK_RELAYS
  Relative segment, address: CODE 00000D82 - 00000D87 (0x6 bytes), align: 0
  Segment part 7.
           ENTRY                   ADDRESS         REF BY
           =====                   =======         ======
           putchar::?relay         00000D82        _Prout (?xprout)

    -------------------------------------------------------------------------
  LIBRARY MODULE, NAME : ?strlen

  SEGMENTS IN THE MODULE
  ======================
<BANKED_CODE> 1 (was BANKED_CODE)
  Relative segment, address: CODE 00001E36 - 00001E53 (0x1e bytes), align: 0
  Segment part 6.             Intra module refs:   strlen::?relay
           ENTRY                   ADDRESS         REF BY
           =====                   =======         ======
           strlen                  00001E36 
               is indirectly called
               ISTACK = 00000000 ( 00000002 )
    -------------------------------------------------------------------------
BANK_RELAYS
  Relative segment, address: CODE 00000D88 - 00000D8D (0x6 bytes), align: 0
  Segment part 7.
           ENTRY                   ADDRESS         REF BY
           =====                   =======         ======
           strlen::?relay          00000D88        _PrintfTiny (?xprintftiny)

    -------------------------------------------------------------------------
  LIBRARY MODULE, NAME : ?xprintftiny

  SEGMENTS IN THE MODULE
  ======================
<BANKED_CODE> 1 (was BANKED_CODE)
  Relative segment, address: CODE 00001694 - 000016E5 (0x52 bytes), align: 0
  Segment part 14.            Intra module refs:   out::?relay
           LOCAL                   ADDRESS         
           =====                   =======         
           out                     00001694 
               XSTACK = 0000002F ( 0000000E )
    -------------------------------------------------------------------------
<BANKED_CODE> 1 (was BANKED_CODE)
  Relative segment, address: CODE 000016E6 - 00001A66 (0x381 bytes), align: 0
  Segment part 16.            Intra module refs:   _PrintfTiny::?relay
           ENTRY                   ADDRESS         REF BY
           =====                   =======         ======
           _PrintfTiny             000016E6 
               calls direct
               XSTACK = 00000004 ( 0000002F )
               ISTACK = 00000000 ( 00000001 )
    -------------------------------------------------------------------------
<BANKED_CODE> 1 (was BANKED_CODE)
  Relative segment, address: CODE 00001A67 - 00001A6F (0x9 bytes), align: 0
  Segment part 18.            Intra module refs:   _PrintfTiny
    -------------------------------------------------------------------------
<BANKED_CODE> 1 (was BANKED_CODE)
  Relative segment, address: CODE 00001A70 - 00001A75 (0x6 bytes), align: 0
  Segment part 19.            Intra module refs:   _PrintfTiny
    -------------------------------------------------------------------------
<BANKED_CODE> 1 (was BANKED_CODE)
  Relative segment, address: CODE 00001A76 - 00001A79 (0x4 bytes), align: 0
  Segment part 20.            Intra module refs:   Segment part 19
                                                   Segment part 27
                                                   _PrintfTiny
    -------------------------------------------------------------------------
<BANKED_CODE> 1 (was BANKED_CODE)
  Relative segment, address: CODE 00001A7A - 00001A82 (0x9 bytes), align: 0
  Segment part 21.            Intra module refs:   Segment part 20
                                                   Segment part 23
    -------------------------------------------------------------------------
<BANKED_CODE> 1 (was BANKED_CODE)
  Relative segment, address: CODE 00001A83 - 00001A86 (0x4 bytes), align: 0
  Segment part 22.            Intra module refs:   _PrintfTiny
    -------------------------------------------------------------------------
<BANKED_CODE> 1 (was BANKED_CODE)
  Relative segment, address: CODE 00001A87 - 00001A8E (0x8 bytes), align: 0
  Segment part 23.            Intra module refs:   Segment part 22
                                                   Segment part 24
    -------------------------------------------------------------------------
<BANKED_CODE> 1 (was BANKED_CODE)
  Relative segment, address: CODE 00001A8F - 00001A9F (0x11 bytes), align: 0
  Segment part 24.            Intra module refs:   _PrintfTiny
    -------------------------------------------------------------------------
<BANKED_CODE> 1 (was BANKED_CODE)
  Relative segment, address: CODE 00001AA0 - 00001AA4 (0x5 bytes), align: 0
  Segment part 25.            Intra module refs:   _PrintfTiny
    -------------------------------------------------------------------------
<BANKED_CODE> 1 (was BANKED_CODE)
  Relative segment, address: CODE 00001AA5 - 00001AB1 (0xd bytes), align: 0
  Segment part 26.            Intra module refs:   Segment part 25
                                                   _PrintfTiny
    -------------------------------------------------------------------------
<BANKED_CODE> 1 (was BANKED_CODE)
  Relative segment, address: CODE 00001AB2 - 00001ABA (0x9 bytes), align: 0
  Segment part 27.            Intra module refs:   _PrintfTiny
    -------------------------------------------------------------------------
<BANKED_CODE> 1 (was BANKED_CODE)
  Relative segment, address: CODE 00001ABB - 00001AC4 (0xa bytes), align: 0
  Segment part 28.            Intra module refs:   Segment part 27
                                                   _PrintfTiny
    -------------------------------------------------------------------------
XDATA_ID
  Relative segment, address: CODE 00000CF2 - 00000CF3 (0x2 bytes), align: 0
  Segment part 7.             Intra module refs:   Segment part 6
    -------------------------------------------------------------------------
XDATA_ID
  Relative segment, address: CODE 00000CF4 - 00000CF5 (0x2 bytes), align: 0
  Segment part 9.             Intra module refs:   Segment part 8
    -------------------------------------------------------------------------
XDATA_ID
  Relative segment, address: CODE 00000CF6 - 00000CF9 (0x4 bytes), align: 0
  Segment part 11.            Intra module refs:   __Constant_0
    -------------------------------------------------------------------------
XDATA_ID
  Relative segment, address: CODE 00000CFA - 00000CFD (0x4 bytes), align: 0
  Segment part 13.            Intra module refs:   __Constant_ffff
    -------------------------------------------------------------------------
BANK_RELAYS
  Relative segment, address: CODE 00000D8E - 00000D93 (0x6 bytes), align: 0
  Segment part 15.            Intra module refs:   _PrintfTiny
           LOCAL                   ADDRESS         
           =====                   =======         
           out::?relay             00000D8E 
    -------------------------------------------------------------------------
BANK_RELAYS
  Relative segment, address: CODE 00000D94 - 00000D99 (0x6 bytes), align: 0
  Segment part 17.
           ENTRY                   ADDRESS         REF BY
           =====                   =======         ======
           _PrintfTiny::?relay     00000D94        printf (?printf)
    -------------------------------------------------------------------------
XDATA_I
  Relative segment, address: XDATA 00000DFF - 00000E00 (0x2 bytes), align: 0
  Segment part 6.             Intra module refs:   _PrintfTiny
    -------------------------------------------------------------------------
XDATA_I
  Relative segment, address: XDATA 00000E01 - 00000E02 (0x2 bytes), align: 0
  Segment part 8.             Intra module refs:   _PrintfTiny
    -------------------------------------------------------------------------
XDATA_I
  Relative segment, address: XDATA 00000E03 - 00000E06 (0x4 bytes), align: 0
  Segment part 10.            Intra module refs:   _PrintfTiny
           ENTRY                   ADDRESS         REF BY
           =====                   =======         ======
           __Constant_0            00000E03 
    -------------------------------------------------------------------------
XDATA_I
  Relative segment, address: XDATA 00000E07 - 00000E0A (0x4 bytes), align: 0
  Segment part 12.            Intra module refs:   _PrintfTiny
           ENTRY                   ADDRESS         REF BY
           =====                   =======         ======
           __Constant_ffff         00000E07 

    -------------------------------------------------------------------------
  LIBRARY MODULE, NAME : ?xprout

  SEGMENTS IN THE MODULE
  ======================
<BANKED_CODE> 1 (was BANKED_CODE)
  Relative segment, address: CODE 00001D97 - 00001DC1 (0x2b bytes), align: 0
  Segment part 6.             Intra module refs:   _Prout::?relay
           ENTRY                   ADDRESS         REF BY
           =====                   =======         ======
           _Prout                  00001D97 
               calls direct
               XSTACK = 00000000 ( 0000000E )
    -------------------------------------------------------------------------
BANK_RELAYS
  Relative segment, address: CODE 00000D9A - 00000D9F (0x6 bytes), align: 0
  Segment part 7.
           ENTRY                   ADDRESS         REF BY
           =====                   =======         ======
           _Prout::?relay          00000D9A        printf (?printf)




                ****************************************
                *                                      *
                *      SEGMENTS IN ADDRESS ORDER       *
                *                                      *
                ****************************************


SEGMENT              SPACE    START ADDRESS   END ADDRESS     SIZE  TYPE  ALIGN
=======              =====    =============   ===========     ====  ====  =====
INTVEC               CODE          00000000 - 0000006D          6E   com    0
CSTART               CODE          0000006E - 000000F4          87   rel    0
PDATA_ID             CODE               000000F5                     dse    0
IXDATA_ID            CODE               000000F5                     dse    0
IDATA_ID             CODE               000000F5                     dse    0
BIT_ID               CODE               000000F5                     dse    0
DATA_ID              CODE               000000F5                     dse    0
BDATA_ID             CODE               000000F5                     dse    0
XDATA_ID             CODE          000000F5 - 00000CFD         C09   rel    0
BANK_RELAYS          CODE          00000CFE - 00000D9F          A2   rel    0
RCODE                CODE          00000DA0 - 0000115B         3BC   rel    0
CODE_N               CODE               0000115C                     dse    0
CODE_C               CODE               0000115C                     dse    0
DIFUNCT              CODE               0000115C                     rel    0
NEAR_CODE            CODE          0000115C - 00001210          B5   rel    0
<BANKED_CODE> 1      CODE          00001211 - 00001E64         C54   rel    0
REGISTERS            DATA          00000000 - 00000007           8   rel    0
VREG                 DATA          00000008 - 0000000F           8   rel    0
PSP                  DATA               00000010                     dse    0
XSP                  DATA          00000010 - 00000011           2   rel    0
BREG                 BIT        00000020.0  -  00000020.7        8   rel    0
SFR_AN               DATA          00000080 - 00000080           1   rel    0
                     DATA          00000086 - 00000089           4 
                     DATA          0000008C - 0000008C           1 
                     DATA          0000008F - 00000090           2 
                     DATA          00000095 - 00000097           3 
                     DATA          0000009E - 0000009E           1 
                     DATA          000000A0 - 000000A0           1 
                     DATA          000000A8 - 000000A8           1 
                     DATA          000000AB - 000000AB           1 
                     DATA          000000AF - 000000AF           1 
                     DATA          000000B4 - 000000B4           1 
                     DATA          000000B6 - 000000B6           1 
                     DATA          000000B8 - 000000B8           1 
                     DATA          000000BA - 000000BB           2 
                     DATA          000000BE - 000000BE           1 
                     DATA          000000C0 - 000000C2           3 
                     DATA          000000C5 - 000000C6           2 
                     DATA          000000C9 - 000000C9           1 
                     DATA          000000CB - 000000CB           1 
                     DATA          000000E4 - 000000E4           1 
                     DATA          000000E8 - 000000E8           1 
                     DATA          000000F1 - 000000FA           A 
                     DATA          000000FC - 000000FF           4 
XSTACK               XDATA         00000001 - 000001FF         1FF   rel    0
XDATA_Z              XDATA         00000200 - 00000201           2   rel    0
XDATA_I              XDATA         00000202 - 00000E0A         C09   rel    0
ISTACK               IDATA         000000C0 - 000000FF          40   rel    0

                ****************************************
                *                                      *
                *        END OF CROSS REFERENCE        *
                *                                      *
                ****************************************

 7 781 bytes of CODE  memory
    18 bytes of DATA  memory (+ 45 absolute )
 3 594 bytes of XDATA memory
    64 bytes of IDATA memory
     8 bits  of BIT   memory

Errors: none
Warnings: none

